{
  "version": "1.5.0",
  "plugins_used": [
    {
      "name": "ArtifactoryDetector"
    },
    {
      "name": "AWSKeyDetector"
    },
    {
      "name": "AzureStorageKeyDetector"
    },
    {
      "name": "Base64HighEntropyString",
      "limit": 4.5
    },
    {
      "name": "BasicAuthDetector"
    },
    {
      "name": "CloudantDetector"
    },
    {
      "name": "DiscordBotTokenDetector"
    },
    {
      "name": "GitHubTokenDetector"
    },
    {
      "name": "GitLabTokenDetector"
    },
    {
      "name": "HexHighEntropyString",
      "limit": 3.0
    },
    {
      "name": "IbmCloudIamDetector"
    },
    {
      "name": "IbmCosHmacDetector"
    },
    {
      "name": "IPPublicDetector"
    },
    {
      "name": "JwtTokenDetector"
    },
    {
      "name": "KeywordDetector",
      "keyword_exclude": ""
    },
    {
      "name": "MailchimpDetector"
    },
    {
      "name": "NpmDetector"
    },
    {
      "name": "OpenAIDetector"
    },
    {
      "name": "PrivateKeyDetector"
    },
    {
      "name": "PypiTokenDetector"
    },
    {
      "name": "SendGridDetector"
    },
    {
      "name": "SlackDetector"
    },
    {
      "name": "SoftlayerDetector"
    },
    {
      "name": "SquareOAuthDetector"
    },
    {
      "name": "StripeDetector"
    },
    {
      "name": "TelegramBotTokenDetector"
    },
    {
      "name": "TwilioKeyDetector"
    }
  ],
  "filters_used": [
    {
      "path": "detect_secrets.filters.allowlist.is_line_allowlisted"
    },
    {
      "path": "detect_secrets.filters.common.is_ignored_due_to_verification_policies",
      "min_level": 2
    },
    {
      "path": "detect_secrets.filters.heuristic.is_indirect_reference"
    },
    {
      "path": "detect_secrets.filters.heuristic.is_likely_id_string"
    },
    {
      "path": "detect_secrets.filters.heuristic.is_lock_file"
    },
    {
      "path": "detect_secrets.filters.heuristic.is_not_alphanumeric_string"
    },
    {
      "path": "detect_secrets.filters.heuristic.is_potential_uuid"
    },
    {
      "path": "detect_secrets.filters.heuristic.is_prefixed_with_dollar_sign"
    },
    {
      "path": "detect_secrets.filters.heuristic.is_sequential_string"
    },
    {
      "path": "detect_secrets.filters.heuristic.is_swagger_file"
    },
    {
      "path": "detect_secrets.filters.heuristic.is_templated_secret"
    }
  ],
  "results": {
    "target-app/dockerized_labs/broken_auth_lab/app.py": [
      {
        "type": "Secret Keyword",
        "filename": "target-app/dockerized_labs/broken_auth_lab/app.py",
        "hashed_secret": "29b8dca3de5ff27bcf8bd3b622adf9970f29381c",
        "is_verified": false,
        "line_number": 8
      },
      {
        "type": "Secret Keyword",
        "filename": "target-app/dockerized_labs/broken_auth_lab/app.py",
        "hashed_secret": "f865b53623b121fd34ee5426c792e5c33af8c227",
        "is_verified": false,
        "line_number": 13
      },
      {
        "type": "Secret Keyword",
        "filename": "target-app/dockerized_labs/broken_auth_lab/app.py",
        "hashed_secret": "cbfdac6008f9cab4083784cbd1874f76618d2a97",
        "is_verified": false,
        "line_number": 18
      }
    ],
    "target-app/dockerized_labs/sensitive_data_exposure/README.md": [
      {
        "type": "Secret Keyword",
        "filename": "target-app/dockerized_labs/sensitive_data_exposure/README.md",
        "hashed_secret": "f15426859be5cc9f08f2a41804deed42176398cd",
        "is_verified": false,
        "line_number": 33
      }
    ],
    "target-app/dockerized_labs/sensitive_data_exposure/sensitive_data_lab/settings.py": [
      {
        "type": "Secret Keyword",
        "filename": "target-app/dockerized_labs/sensitive_data_exposure/sensitive_data_lab/settings.py",
        "hashed_secret": "23bb4cf9439eb9ed98333b8a71cf19441a61e49f",
        "is_verified": false,
        "line_number": 8
      }
    ],
    "target-app/dockerized_labs/sensitive_data_exposure/templates/profile.html": [
      {
        "type": "Secret Keyword",
        "filename": "target-app/dockerized_labs/sensitive_data_exposure/templates/profile.html",
        "hashed_secret": "e3eff67ffe1c891f20f9c10fd0276adabbfbfb39",
        "is_verified": false,
        "line_number": 228
      }
    ],
    "target-app/introduction/migrations/0017_cf_user.py": [
      {
        "type": "Hex High Entropy String",
        "filename": "target-app/introduction/migrations/0017_cf_user.py",
        "hashed_secret": "6627ba2bf3e1f4ace4fa520d230cd5f406d71187",
        "is_verified": false,
        "line_number": 23
      },
      {
        "type": "Hex High Entropy String",
        "filename": "target-app/introduction/migrations/0017_cf_user.py",
        "hashed_secret": "f527018312300912dc6cc319e6b25dc28aa013b3",
        "is_verified": false,
        "line_number": 24
      },
      {
        "type": "Hex High Entropy String",
        "filename": "target-app/introduction/migrations/0017_cf_user.py",
        "hashed_secret": "983fbece35250b96a4fc10047fa1080b6e57933d",
        "is_verified": false,
        "line_number": 25
      }
    ],
    "target-app/introduction/migrations/0018_cf_user_password2.py": [
      {
        "type": "Hex High Entropy String",
        "filename": "target-app/introduction/migrations/0018_cf_user_password2.py",
        "hashed_secret": "086783be9cb0b02f6411825a95e32139007c3e6d",
        "is_verified": false,
        "line_number": 21
      },
      {
        "type": "Hex High Entropy String",
        "filename": "target-app/introduction/migrations/0018_cf_user_password2.py",
        "hashed_secret": "6627ba2bf3e1f4ace4fa520d230cd5f406d71187",
        "is_verified": false,
        "line_number": 21
      },
      {
        "type": "Hex High Entropy String",
        "filename": "target-app/introduction/migrations/0018_cf_user_password2.py",
        "hashed_secret": "be8bbbd8e07c8a3d7aeca38f6c8975ca52e5a4e1",
        "is_verified": false,
        "line_number": 22
      },
      {
        "type": "Hex High Entropy String",
        "filename": "target-app/introduction/migrations/0018_cf_user_password2.py",
        "hashed_secret": "f527018312300912dc6cc319e6b25dc28aa013b3",
        "is_verified": false,
        "line_number": 22
      },
      {
        "type": "Hex High Entropy String",
        "filename": "target-app/introduction/migrations/0018_cf_user_password2.py",
        "hashed_secret": "1876bb678c8a43fa61350a0cecd0286870a09d80",
        "is_verified": false,
        "line_number": 23
      },
      {
        "type": "Hex High Entropy String",
        "filename": "target-app/introduction/migrations/0018_cf_user_password2.py",
        "hashed_secret": "983fbece35250b96a4fc10047fa1080b6e57933d",
        "is_verified": false,
        "line_number": 23
      }
    ],
    "target-app/introduction/playground/A9/api.py": [
      {
        "type": "Secret Keyword",
        "filename": "target-app/introduction/playground/A9/api.py",
        "hashed_secret": "d033e22ae348aeb5660fc2140aec35850c4da997",
        "is_verified": false,
        "line_number": 17
      }
    ],
    "target-app/introduction/playground/A9/archive.py": [
      {
        "type": "Secret Keyword",
        "filename": "target-app/introduction/playground/A9/archive.py",
        "hashed_secret": "d033e22ae348aeb5660fc2140aec35850c4da997",
        "is_verified": false,
        "line_number": 17
      }
    ],
    "target-app/introduction/static/js/a7.js": [
      {
        "type": "JSON Web Token",
        "filename": "target-app/introduction/static/js/a7.js",
        "hashed_secret": "b673471a17e9d45092b1189c02992ae616813edb",
        "is_verified": false,
        "line_number": 4
      },
      {
        "type": "Base64 High Entropy String",
        "filename": "target-app/introduction/static/js/a7.js",
        "hashed_secret": "44eee4514289ca30232864b479fa8b3cd83c7f13",
        "is_verified": false,
        "line_number": 7
      }
    ],
    "target-app/introduction/static/js/a9.js": [
      {
        "type": "JSON Web Token",
        "filename": "target-app/introduction/static/js/a9.js",
        "hashed_secret": "b673471a17e9d45092b1189c02992ae616813edb",
        "is_verified": false,
        "line_number": 18
      },
      {
        "type": "Base64 High Entropy String",
        "filename": "target-app/introduction/static/js/a9.js",
        "hashed_secret": "44eee4514289ca30232864b479fa8b3cd83c7f13",
        "is_verified": false,
        "line_number": 21
      }
    ],
    "target-app/introduction/templates/introduction/base.html": [
      {
        "type": "Base64 High Entropy String",
        "filename": "target-app/introduction/templates/introduction/base.html",
        "hashed_secret": "b0027a5cb12069288f8e0c27169c4e859c55952f",
        "is_verified": false,
        "line_number": 17
      },
      {
        "type": "Base64 High Entropy String",
        "filename": "target-app/introduction/templates/introduction/base.html",
        "hashed_secret": "cd46fa40f76c40863d6b49b27e6a1ed06d199b8f",
        "is_verified": false,
        "line_number": 31
      },
      {
        "type": "Base64 High Entropy String",
        "filename": "target-app/introduction/templates/introduction/base.html",
        "hashed_secret": "8e9d0b0210d394318bd51392deec0e4b78d2bfc8",
        "is_verified": false,
        "line_number": 37
      },
      {
        "type": "Base64 High Entropy String",
        "filename": "target-app/introduction/templates/introduction/base.html",
        "hashed_secret": "43aa592dff052e8cc8ce9d73619ea4f094cc00f2",
        "is_verified": false,
        "line_number": 689
      },
      {
        "type": "Base64 High Entropy String",
        "filename": "target-app/introduction/templates/introduction/base.html",
        "hashed_secret": "646659894c304a776d7656add7e9e2dedc097b89",
        "is_verified": false,
        "line_number": 695
      },
      {
        "type": "Base64 High Entropy String",
        "filename": "target-app/introduction/templates/introduction/base.html",
        "hashed_secret": "6f3aef3039b5083cd6baa8cea35643d8a006dc22",
        "is_verified": false,
        "line_number": 701
      }
    ],
    "target-app/introduction/templates/playground/A9/index.html": [
      {
        "type": "Secret Keyword",
        "filename": "target-app/introduction/templates/playground/A9/index.html",
        "hashed_secret": "d033e22ae348aeb5660fc2140aec35850c4da997",
        "is_verified": false,
        "line_number": 71
      }
    ],
    "target-app/introduction/views.py": [
      {
        "type": "Secret Keyword",
        "filename": "target-app/introduction/views.py",
        "hashed_secret": "75bb816823f3d000fbabb2e90220fe1cce970d04",
        "is_verified": false,
        "line_number": 538
      },
      {
        "type": "Secret Keyword",
        "filename": "target-app/introduction/views.py",
        "hashed_secret": "f612d135289788f9ba65d98be557865897fd4cff",
        "is_verified": false,
        "line_number": 540
      },
      {
        "type": "Secret Keyword",
        "filename": "target-app/introduction/views.py",
        "hashed_secret": "e64c13229aeab8a9bb66ae1a9e1ac9fa287779c9",
        "is_verified": false,
        "line_number": 766
      },
      {
        "type": "Secret Keyword",
        "filename": "target-app/introduction/views.py",
        "hashed_secret": "bb7e75df485f1f65d083fd8328b3b8fb4a6b01f5",
        "is_verified": false,
        "line_number": 831
      },
      {
        "type": "Secret Keyword",
        "filename": "target-app/introduction/views.py",
        "hashed_secret": "99075eb0baa8cfda1cae029da06b57b93cc13a31",
        "is_verified": false,
        "line_number": 833
      },
      {
        "type": "Secret Keyword",
        "filename": "target-app/introduction/views.py",
        "hashed_secret": "6b283bb060c269432d08ac33b47a337c0a40035d",
        "is_verified": false,
        "line_number": 1072
      },
      {
        "type": "Hex High Entropy String",
        "filename": "target-app/introduction/views.py",
        "hashed_secret": "1e259d43e353c9998a77795255906beda9cef624",
        "is_verified": false,
        "line_number": 1164
      },
      {
        "type": "Secret Keyword",
        "filename": "target-app/introduction/views.py",
        "hashed_secret": "1e259d43e353c9998a77795255906beda9cef624",
        "is_verified": false,
        "line_number": 1164
      },
      {
        "type": "Hex High Entropy String",
        "filename": "target-app/introduction/views.py",
        "hashed_secret": "535b2d8fe6ebaa54cd567537e9b5f6916c75d983",
        "is_verified": false,
        "line_number": 1165
      },
      {
        "type": "Secret Keyword",
        "filename": "target-app/introduction/views.py",
        "hashed_secret": "535b2d8fe6ebaa54cd567537e9b5f6916c75d983",
        "is_verified": false,
        "line_number": 1165
      },
      {
        "type": "Hex High Entropy String",
        "filename": "target-app/introduction/views.py",
        "hashed_secret": "6de50a8cfc1b0f1e8206eacf08115612f658aa1a",
        "is_verified": false,
        "line_number": 1166
      },
      {
        "type": "Secret Keyword",
        "filename": "target-app/introduction/views.py",
        "hashed_secret": "6de50a8cfc1b0f1e8206eacf08115612f658aa1a",
        "is_verified": false,
        "line_number": 1166
      },
      {
        "type": "Hex High Entropy String",
        "filename": "target-app/introduction/views.py",
        "hashed_secret": "e8830de88f9f326de3f123504006c7278a0b3d4c",
        "is_verified": false,
        "line_number": 1167
      },
      {
        "type": "Secret Keyword",
        "filename": "target-app/introduction/views.py",
        "hashed_secret": "e8830de88f9f326de3f123504006c7278a0b3d4c",
        "is_verified": false,
        "line_number": 1167
      },
      {
        "type": "Secret Keyword",
        "filename": "target-app/introduction/views.py",
        "hashed_secret": "c3cce7bbe82428a29b845b70c07a9aa79a6d2ade",
        "is_verified": false,
        "line_number": 1171
      },
      {
        "type": "Secret Keyword",
        "filename": "target-app/introduction/views.py",
        "hashed_secret": "fefbfc6276d4802205f07512d2114b648436fd49",
        "is_verified": false,
        "line_number": 1172
      },
      {
        "type": "Secret Keyword",
        "filename": "target-app/introduction/views.py",
        "hashed_secret": "46a43f6c78953ab3a8d04933a360db02406c9d4e",
        "is_verified": false,
        "line_number": 1173
      },
      {
        "type": "Secret Keyword",
        "filename": "target-app/introduction/views.py",
        "hashed_secret": "94e0840d38208c05b2df88ed425e30824a58933b",
        "is_verified": false,
        "line_number": 1174
      }
    ],
    "target-app/pygoat/settings.py": [
      {
        "type": "Secret Keyword",
        "filename": "target-app/pygoat/settings.py",
        "hashed_secret": "1c3683b4d6bc940908516ab71672a850055af9db",
        "is_verified": false,
        "line_number": 25
      },
      {
        "type": "Secret Keyword",
        "filename": "target-app/pygoat/settings.py",
        "hashed_secret": "748923f3b032427a0a43a2765d644e8b328d95a8",
        "is_verified": false,
        "line_number": 171
      }
    ]
  },
  "generated_at": "2026-09-10T23:47:27Z"
}
